// Jest Snapshot v1, https://goo.gl/fbAQLP

exports[`MuokkausLomake Rendering Renders without crashing 1`] = `
<PohjaSivu>
  <div
    className="YlaBanneri"
  >
    <div>
      <Link
        to="/ryhmat"
      >
        <ForwardRef(Icon)
          icon={
            Object {
              "body": "<path d=\\"M280.37 148.26L96 300.11V464a16 16 0 0 0 16 16l112.06-.29a16 16 0 0 0 15.92-16V368a16 16 0 0 1 16-16h64a16 16 0 0 1 16 16v95.64a16 16 0 0 0 16 16.05L464 480a16 16 0 0 0 16-16V300L295.67 148.26a12.19 12.19 0 0 0-15.3 0zM571.6 251.47L488 182.56V44.05a12 12 0 0 0-12-12h-56a12 12 0 0 0-12 12v72.61L318.47 43a48 48 0 0 0-61 0L4.34 251.47a12 12 0 0 0-1.6 16.9l25.5 31A12 12 0 0 0 45.15 301l235.22-193.74a12.19 12.19 0 0 1 15.3 0L530.9 301a12 12 0 0 0 16.9-1.6l25.5-31a12 12 0 0 0-1.7-16.93z\\" fill=\\"currentColor\\"/>",
              "height": 512,
              "width": 576,
            }
          }
        />
      </Link>
    </div>
    <div>
      <Link
        to="/ryhmat"
      >
        RYHMAT_KAIKKI_RYHMAT
      </Link>
    </div>
  </div>
  <div
    className="PaaKehys"
  >
    <div
      className="ValiContainer"
    >
      <div
        className="ValiOtsikko"
      >
        <h3>
          RYHMAT_RYHMA
        </h3>
        <h1>
          Suominimi
        </h1>
      </div>
    </div>
    <div
      className="PaaOsio"
    >
      <div
        className="OtsikkoRivi"
      >
        <div
          className="Otsikko"
        >
          <h3>
            RYHMAT_RYHMAN_TIEDOT_OTSIKKO
          </h3>
        </div>
      </div>
      <div
        className="OidRivi"
      >
        <span
          className="AvainKevyestiBoldattu"
        >
          LABEL_OID
        </span>
        <span
          className="ReadOnly"
        >
          1234
        </span>
      </div>
      <div
        className="Rivi"
      >
        <div
          className="Kentta"
        >
          <label>
            RYHMAT_RYHMAN_NIMI
          </label>
          <div
            className="Rivi"
          >
            <label
              htmlFor="nimiFi"
            >
              LABEL_SUOMEKSI
            </label>
            <div
              className="PitkaInput"
            >
              <ForwardRef
                defaultValue="Suominimi"
                disabled={false}
                error={false}
                id="nimiFi"
                name="nimiFi"
                onBlur={[Function]}
                onChange={[Function]}
              />
            </div>
          </div>
          <div
            className="Rivi"
          >
            <label
              htmlFor="nimiSv"
            >
              LABEL_RUOTSIKSI
            </label>
            <div
              className="PitkaInput"
            >
              <ForwardRef
                disabled={false}
                error={false}
                id="nimiSv"
                name="nimiSv"
                onBlur={[Function]}
                onChange={[Function]}
              />
            </div>
          </div>
          <div
            className="Rivi"
          >
            <label
              htmlFor="nimiEn"
            >
              LABEL_ENGLANNIKSI
            </label>
            <div
              className="PitkaInput"
            >
              <ForwardRef
                disabled={false}
                error={false}
                id="nimiEn"
                name="nimiEn"
                onBlur={[Function]}
                onChange={[Function]}
              />
            </div>
          </div>
        </div>
      </div>
      <div
        className="Rivi"
      >
        <div
          className="Kentta"
        >
          <label>
            RYHMAT_RYHMAN_KUVAUS
          </label>
          <div
            className="Rivi"
          >
            <label
              htmlFor="kuvaus2Fi"
            >
              LABEL_SUOMEKSI
            </label>
            <div
              className="PitkaInput"
            >
              <ForwardRef
                defaultValue="testikuvaus"
                error={false}
                id="kuvaus2Fi"
                name="kuvaus2Fi"
                onBlur={[Function]}
                onChange={[Function]}
              />
            </div>
          </div>
          <div
            className="Rivi"
          >
            <label
              htmlFor="kuvaus2Sv"
            >
              LABEL_RUOTSIKSI
            </label>
            <div
              className="PitkaInput"
            >
              <ForwardRef
                error={false}
                id="kuvaus2Sv"
                name="kuvaus2Sv"
                onBlur={[Function]}
                onChange={[Function]}
              />
            </div>
          </div>
          <div
            className="Rivi"
          >
            <label
              htmlFor="kuvaus2En"
            >
              LABEL_ENGLANNIKSI
            </label>
            <div
              className="PitkaInput"
            >
              <ForwardRef
                error={false}
                id="kuvaus2En"
                name="kuvaus2En"
                onBlur={[Function]}
                onChange={[Function]}
              />
            </div>
          </div>
        </div>
      </div>
      <div
        className="Rivi"
      >
        <div
          className="Kentta"
        >
          <label>
            RYHMAT_RYHMAN_TYYPPI
          </label>
          <Component
            control={
              Object {
                "_defaultValues": Object {},
                "_fields": Object {
                  "kuvaus2En": Object {
                    "_f": Object {
                      "mount": true,
                      "name": "kuvaus2En",
                      "ref": Object {
                        "name": "kuvaus2En",
                      },
                    },
                  },
                  "kuvaus2Fi": Object {
                    "_f": Object {
                      "mount": true,
                      "name": "kuvaus2Fi",
                      "ref": Object {
                        "name": "kuvaus2Fi",
                      },
                    },
                  },
                  "kuvaus2Sv": Object {
                    "_f": Object {
                      "mount": true,
                      "name": "kuvaus2Sv",
                      "ref": Object {
                        "name": "kuvaus2Sv",
                      },
                    },
                  },
                  "nimiEn": Object {
                    "_f": Object {
                      "mount": true,
                      "name": "nimiEn",
                      "ref": Object {
                        "name": "nimiEn",
                      },
                    },
                  },
                  "nimiFi": Object {
                    "_f": Object {
                      "mount": true,
                      "name": "nimiFi",
                      "ref": Object {
                        "name": "nimiFi",
                      },
                    },
                  },
                  "nimiSv": Object {
                    "_f": Object {
                      "mount": true,
                      "name": "nimiSv",
                      "ref": Object {
                        "name": "nimiSv",
                      },
                    },
                  },
                },
                "_formState": Object {
                  "dirtyFields": Object {},
                  "errors": Object {},
                  "isDirty": false,
                  "isSubmitSuccessful": false,
                  "isSubmitted": false,
                  "isSubmitting": false,
                  "isValid": false,
                  "isValidating": false,
                  "submitCount": 0,
                  "touchedFields": Object {},
                },
                "_formValues": Object {
                  "kuvaus2En": undefined,
                  "kuvaus2Fi": undefined,
                  "kuvaus2Sv": undefined,
                  "nimiEn": undefined,
                  "nimiFi": undefined,
                  "nimiSv": undefined,
                },
                "_getFieldArrayValue": [Function],
                "_getIsDirty": [Function],
                "_getWatch": [Function],
                "_names": Object {
                  "array": Set {},
                  "mount": Set {
                    "nimiFi",
                    "nimiSv",
                    "nimiEn",
                    "kuvaus2Fi",
                    "kuvaus2Sv",
                    "kuvaus2En",
                  },
                  "unMount": Set {},
                  "watch": Set {},
                },
                "_proxyFormState": Object {
                  "dirtyFields": false,
                  "errors": "all",
                  "isDirty": false,
                  "isValid": false,
                  "isValidating": false,
                  "touchedFields": false,
                },
                "_removeFields": [Function],
                "_shouldUnregister": undefined,
                "_stateFlags": Object {
                  "action": false,
                  "mount": false,
                  "watch": false,
                },
                "_subjects": Object {
                  "array": ye {
                    "observers": Array [],
                  },
                  "control": ye {
                    "observers": Array [],
                  },
                  "state": ye {
                    "observers": Array [],
                  },
                  "watch": ye {
                    "observers": Array [],
                  },
                },
                "_updateFieldArray": [Function],
                "_updateProps": [Function],
                "_updateValid": [Function],
                "register": [Function],
                "unregister": [Function],
              }
            }
            defaultValue={
              Array [
                Object {
                  "arvo": "",
                  "disabled": false,
                  "label": "",
                  "value": "",
                  "versio": 0,
                },
              ]
            }
            name="ryhmatyypit"
            render={[Function]}
          />
        </div>
      </div>
      <div
        className="Rivi"
      >
        <div
          className="Kentta"
        >
          <label>
            RYHMAT_RYHMAN_KAYTTOTARKOITUS
          </label>
          <Component
            control={
              Object {
                "_defaultValues": Object {},
                "_fields": Object {
                  "kuvaus2En": Object {
                    "_f": Object {
                      "mount": true,
                      "name": "kuvaus2En",
                      "ref": Object {
                        "name": "kuvaus2En",
                      },
                    },
                  },
                  "kuvaus2Fi": Object {
                    "_f": Object {
                      "mount": true,
                      "name": "kuvaus2Fi",
                      "ref": Object {
                        "name": "kuvaus2Fi",
                      },
                    },
                  },
                  "kuvaus2Sv": Object {
                    "_f": Object {
                      "mount": true,
                      "name": "kuvaus2Sv",
                      "ref": Object {
                        "name": "kuvaus2Sv",
                      },
                    },
                  },
                  "nimiEn": Object {
                    "_f": Object {
                      "mount": true,
                      "name": "nimiEn",
                      "ref": Object {
                        "name": "nimiEn",
                      },
                    },
                  },
                  "nimiFi": Object {
                    "_f": Object {
                      "mount": true,
                      "name": "nimiFi",
                      "ref": Object {
                        "name": "nimiFi",
                      },
                    },
                  },
                  "nimiSv": Object {
                    "_f": Object {
                      "mount": true,
                      "name": "nimiSv",
                      "ref": Object {
                        "name": "nimiSv",
                      },
                    },
                  },
                },
                "_formState": Object {
                  "dirtyFields": Object {},
                  "errors": Object {},
                  "isDirty": false,
                  "isSubmitSuccessful": false,
                  "isSubmitted": false,
                  "isSubmitting": false,
                  "isValid": false,
                  "isValidating": false,
                  "submitCount": 0,
                  "touchedFields": Object {},
                },
                "_formValues": Object {
                  "kuvaus2En": undefined,
                  "kuvaus2Fi": undefined,
                  "kuvaus2Sv": undefined,
                  "nimiEn": undefined,
                  "nimiFi": undefined,
                  "nimiSv": undefined,
                },
                "_getFieldArrayValue": [Function],
                "_getIsDirty": [Function],
                "_getWatch": [Function],
                "_names": Object {
                  "array": Set {},
                  "mount": Set {
                    "nimiFi",
                    "nimiSv",
                    "nimiEn",
                    "kuvaus2Fi",
                    "kuvaus2Sv",
                    "kuvaus2En",
                  },
                  "unMount": Set {},
                  "watch": Set {},
                },
                "_proxyFormState": Object {
                  "dirtyFields": false,
                  "errors": "all",
                  "isDirty": false,
                  "isValid": false,
                  "isValidating": false,
                  "touchedFields": false,
                },
                "_removeFields": [Function],
                "_shouldUnregister": undefined,
                "_stateFlags": Object {
                  "action": false,
                  "mount": false,
                  "watch": false,
                },
                "_subjects": Object {
                  "array": ye {
                    "observers": Array [],
                  },
                  "control": ye {
                    "observers": Array [],
                  },
                  "state": ye {
                    "observers": Array [],
                  },
                  "watch": ye {
                    "observers": Array [],
                  },
                },
                "_updateFieldArray": [Function],
                "_updateProps": [Function],
                "_updateValid": [Function],
                "register": [Function],
                "unregister": [Function],
              }
            }
            defaultValue={
              Array [
                Object {
                  "arvo": "",
                  "disabled": false,
                  "label": "",
                  "value": "",
                  "versio": 0,
                },
              ]
            }
            name="kayttoryhmat"
            render={[Function]}
          />
        </div>
      </div>
      <div
        className="AlinRivi"
      >
        <ForwardRef
          name="passivoibutton"
          onClick={[MockFunction]}
          variant="outlined"
        >
          RYHMAT_PASSIVOI_RYHMA
        </ForwardRef>
        ,
        <ForwardRef
          name="poistabutton"
          onClick={[MockFunction]}
          variant="outlined"
        >
          RYHMAT_POISTA_RYHMA
        </ForwardRef>
      </div>
    </div>
  </div>
  <AlaBanneri>
    <VersioContainer>
      <Muokattu
        oid="1234"
      />
    </VersioContainer>
    <div>
      <LomakeButton
        label="BUTTON_SULJE"
        name="peruutabutton"
        onClick={[MockFunction]}
      />
      <LomakeButton
        disabled={false}
        label="BUTTON_TALLENNA"
        onClick={[Function]}
      />
    </div>
  </AlaBanneri>
</PohjaSivu>
`;
