// Jest Snapshot v1, https://goo.gl/fbAQLP

exports[`Normaalitaulukko Hakufiltterit Renders without crashing 1`] = `
<div>
  <div
    className="FiltteriContainer"
  >
    <div
      className="FiltteriRivi"
    >
      <div
        className="FiltteriInputOsa"
      >
        <ForwardRef
          onChange={[Function]}
          placeholder="RYHMAT_HAKU_PLACEHOLDER"
          suffix={
            <ForwardRef(Icon)
              color="#999999"
              icon={
                Object {
                  "body": "<path d=\\"M505 442.7L405.3 343c-4.5-4.5-10.6-7-17-7H372c27.6-35.3 44-79.7 44-128C416 93.1 322.9 0 208 0S0 93.1 0 208s93.1 208 208 208c48.3 0 92.7-16.4 128-44v16.3c0 6.4 2.5 12.5 7 17l99.7 99.7c9.4 9.4 24.6 9.4 33.9 0l28.3-28.3c9.4-9.4 9.4-24.6.1-34zM208 336c-70.7 0-128-57.2-128-128c0-70.7 57.2-128 128-128c70.7 0 128 57.2 128 128c0 70.7-57.2 128-128 128z\\" fill=\\"currentColor\\"/>",
                  "height": 512,
                  "width": 512,
                }
              }
            />
          }
          value=""
        />
      </div>
    </div>
    <div
      className="FiltteriRivi"
    >
      <div
        className="Kentta"
      >
        <label>
          RYHMAT_RYHMAN_TYYPPI
        </label>
        <Select
          id="RYHMAN_TYYPPI_SELECT"
          isMulti={true}
          onChange={[Function]}
          options={Array []}
        />
      </div>
      <div
        className="Kentta"
      >
        <label>
          RYHMAT_RYHMAN_KAYTTOTARKOITUS
        </label>
        <Select
          id="RYHMAN_KAYTTOTARKOITUS_SELECT"
          isMulti={true}
          onChange={[Function]}
          options={Array []}
        />
      </div>
      <div
        className="Kentta"
      >
        <label>
          RYHMAT_RYHMAT_TILA
        </label>
        <Select
          id="RYHMAN_TILA_SELECT"
          isMulti={true}
          onChange={[Function]}
          options={Array []}
        />
      </div>
    </div>
  </div>
</div>
`;

exports[`Normaalitaulukko Rendering Renders without crashing 1`] = `
<div>
  <table
    role="table"
    style={
      Object {
        "borderSpacing": 0,
        "width": "100%",
      }
    }
  >
    <thead />
    <tbody
      role="rowgroup"
    />
  </table>
  <div
    className="PaginationContainer"
  >
    <div
      className="PaginationSivunvaihto"
    >
      <ForwardRef
        color="secondary"
        disabled={true}
        onClick={[Function]}
        variant="text"
      >
        <ForwardRef(Icon)
          icon={
            Object {
              "body": "<path d=\\"M34.52 239.03L228.87 44.69c9.37-9.37 24.57-9.37 33.94 0l22.67 22.67c9.36 9.36 9.37 24.52.04 33.9L131.49 256l154.02 154.75c9.34 9.38 9.32 24.54-.04 33.9l-22.67 22.67c-9.37 9.37-24.57 9.37-33.94 0L34.52 272.97c-9.37-9.37-9.37-24.57 0-33.94z\\" fill=\\"currentColor\\"/>",
              "height": 512,
              "width": 320,
            }
          }
        />
      </ForwardRef>
      <ForwardRef
        color="secondary"
        disabled={true}
        onClick={[Function]}
        variant="text"
      >
        <ForwardRef(Icon)
          icon={
            Object {
              "body": "<path d=\\"M285.476 272.971L91.132 467.314c-9.373 9.373-24.569 9.373-33.941 0l-22.667-22.667c-9.357-9.357-9.375-24.522-.04-33.901L188.505 256L34.484 101.255c-9.335-9.379-9.317-24.544.04-33.901l22.667-22.667c9.373-9.373 24.569-9.373 33.941 0L285.475 239.03c9.373 9.372 9.373 24.568.001 33.941z\\" fill=\\"currentColor\\"/>",
              "height": 512,
              "width": 320,
            }
          }
        />
      </ForwardRef>
    </div>
    <div
      className="PaginationYhteensa"
    >
      <span>
        TAULUKKO_NAYTA_SIVULLA
        :
      </span>
      <select
        className="NaytaSivullaSelect"
        onChange={[Function]}
        value={10}
      >
        <option
          key="10"
          value={10}
        >
          10
        </option>
        <option
          key="20"
          value={20}
        >
          20
        </option>
        <option
          key="30"
          value={30}
        >
          30
        </option>
        <option
          key="40"
          value={40}
        >
          40
        </option>
        <option
          key="50"
          value={50}
        >
          50
        </option>
      </select>
    </div>
  </div>
</div>
`;
